// Jest Snapshot v1, https://goo.gl/fbAQLP

exports[`TheDate Component renders UI as expected 1`] = `
<div>
  12/11/2019, 9:23:12 AM
</div>
`;
